// Jest Snapshot v1, https://goo.gl/fbAQLP

exports[`settings/App 1`] = `
<table>
  <tbody>
    <tr>
      <td
        className="label"
      >
        <label
          htmlFor="newMessageNotification"
        >
          text
        </label>
        <div
          className="description"
        >
          text
        </div>
      </td>
      <td>
        <select
          id="newMessageNotification"
          name="newMessageNotification"
          onChange={[Function]}
          value={0}
        >
          <option
            value={0}
          >
            text
          </option>
          <option
            value={1}
          >
            text
          </option>
          <option
            value={2}
          >
            text
          </option>
        </select>
      </td>
    </tr>
    <tr>
      <td
        className="label"
      >
        <label
          htmlFor="unreadMessagesNotification"
        >
          text
        </label>
        <div
          className="description"
        >
          text
        </div>
      </td>
      <td>
        <select
          id="unreadMessagesNotification"
          name="unreadMessagesNotification"
          onChange={[Function]}
          value={0}
        >
          <option
            value={0}
          >
            text
          </option>
          <option
            value={5}
          >
            text
          </option>
          <option
            value={15}
          >
            text
          </option>
          <option
            value={30}
          >
            text
          </option>
        </select>
      </td>
    </tr>
    <tr>
      <td
        className="label"
      >
        <label
          htmlFor="unreadMessagesSound"
        >
          text
        </label>
        <div
          className="description"
        >
          text
        </div>
      </td>
      <td>
        <input
          checked={false}
          id="unreadMessagesSound"
          name="unreadMessagesSound"
          onChange={[Function]}
          type="checkbox"
        />
      </td>
    </tr>
    <tr>
      <td
        className="label"
      >
        <label
          htmlFor="notAuthNotification"
        >
          text
        </label>
        <div
          className="description"
        >
          text
        </div>
      </td>
      <td>
        <select
          id="notAuthNotification"
          name="notAuthNotification"
          onChange={[Function]}
          value={0}
        >
          <option
            value={0}
          >
            text
          </option>
          <option
            value={1}
          >
            text
          </option>
          <option
            value={2}
          >
            text
          </option>
        </select>
      </td>
    </tr>
  </tbody>
</table>
`;
