// Jest Snapshot v1, https://goo.gl/fbAQLP

exports[`settings/App 1`] = `
<table>
  <tbody>
    <tr>
      <td
        className="label"
      >
        <label
          htmlFor="newMessageNotification"
        >
          settings.newMessageNotification.label
        </label>
        <div
          className="description"
        >
          settings.newMessageNotification.description
        </div>
      </td>
      <td>
        <select
          id="newMessageNotification"
          name="newMessageNotification"
          onChange={[Function]}
          value={0}
        >
          <option
            value={0}
          >
            settings.newMessageNotification.options.0
          </option>
          <option
            value={1}
          >
            settings.newMessageNotification.options.1
          </option>
          <option
            value={2}
          >
            settings.newMessageNotification.options.2
          </option>
        </select>
      </td>
    </tr>
    <tr>
      <td
        className="label"
      >
        <label
          htmlFor="unreadMessagesNotification"
        >
          settings.unreadMessagesNotification.label
        </label>
        <div
          className="description"
        >
          settings.unreadMessagesNotification.description
        </div>
      </td>
      <td>
        <select
          id="unreadMessagesNotification"
          name="unreadMessagesNotification"
          onChange={[Function]}
          value={0}
        >
          <option
            value={0}
          >
            settings.unreadMessagesNotification.options.0
          </option>
          <option
            value={5}
          >
            settings.unreadMessagesNotification.options.1
          </option>
          <option
            value={15}
          >
            settings.unreadMessagesNotification.options.2
          </option>
          <option
            value={30}
          >
            settings.unreadMessagesNotification.options.3
          </option>
        </select>
      </td>
    </tr>
    <tr>
      <td
        className="label"
      >
        <label
          htmlFor="unreadMessagesSound"
        >
          settings.unreadMessagesSound.label
        </label>
        <div
          className="description"
        >
          settings.unreadMessagesSound.description
        </div>
      </td>
      <td>
        <input
          checked={false}
          id="unreadMessagesSound"
          name="unreadMessagesSound"
          onChange={[Function]}
          type="checkbox"
        />
      </td>
    </tr>
    <tr>
      <td
        className="label"
      >
        <label
          htmlFor="notAuthNotification"
        >
          settings.notAuthNotification.label
        </label>
        <div
          className="description"
        >
          settings.notAuthNotification.description
        </div>
      </td>
      <td>
        <select
          id="notAuthNotification"
          name="notAuthNotification"
          onChange={[Function]}
          value={0}
        >
          <option
            value={0}
          >
            settings.notAuthNotification.options.0
          </option>
          <option
            value={1}
          >
            settings.notAuthNotification.options.1
          </option>
          <option
            value={2}
          >
            settings.notAuthNotification.options.2
          </option>
        </select>
      </td>
    </tr>
    <tr>
      <td
        className="label"
      >
        <label
          htmlFor="preferredDomain"
        >
          settings.preferredDomain.label
        </label>
        <div
          className="description"
        >
          settings.preferredDomain.description
        </div>
      </td>
      <td>
        <select
          id="preferredDomain"
          name="preferredDomain"
          onChange={[Function]}
          value="ru"
        >
          <option
            value="ru"
          >
            settings.preferredDomain.options.0
          </option>
          <option
            value="ua"
          >
            settings.preferredDomain.options.1
          </option>
          <option
            value="by"
          >
            settings.preferredDomain.options.2
          </option>
          <option
            value="kz"
          >
            settings.preferredDomain.options.3
          </option>
          <option
            value="com"
          >
            settings.preferredDomain.options.4
          </option>
          <option
            value="com.tr"
          >
            settings.preferredDomain.options.5
          </option>
        </select>
      </td>
    </tr>
    <tr>
      <td
        className="label"
      >
        <label
          htmlFor="setShortcuts"
        >
          settings.setShortcuts.label
        </label>
        <div
          className="description"
        >
          settings.setShortcuts.description
        </div>
      </td>
      <td>
        <a
          href=""
          onClick={[Function]}
        >
          settings.setShortcuts.linkText
        </a>
      </td>
    </tr>
  </tbody>
</table>
`;
